
There are no discarded input sections

Memory Configuration

Name             Origin             Length             Attributes
flash            0x08000000         0x00020000         xr
sram             0x20000000         0x00005000         xrw
*default*        0x00000000         0xffffffff

Linker script and memory map


.text           0x08000000       0xb4
 *(.vectors*)
 .vectors       0x08000000       0x1c startup.o
                0x08000000                vectors
 *(.text*)
 .text          0x0800001c       0x18 startup.o
                0x0800001c                MM_Fault_Handler
                0x0800001c                Bus_Fault
                0x0800001c                Default_Handler
                0x0800001c                H_fault_Handler
                0x0800001c                Usage_Fault_Handler
                0x0800001c                NMI_Handler
                0x08000028                Rest_Handler
 .text          0x08000034       0x80 main.o
                0x08000034                main

.glue_7         0x080000b4        0x0
 .glue_7        0x080000b4        0x0 linker stubs

.glue_7t        0x080000b4        0x0
 .glue_7t       0x080000b4        0x0 linker stubs

.vfp11_veneer   0x080000b4        0x0
 .vfp11_veneer  0x080000b4        0x0 linker stubs

.v4_bx          0x080000b4        0x0
 .v4_bx         0x080000b4        0x0 linker stubs

.iplt           0x080000b4        0x0
 .iplt          0x080000b4        0x0 startup.o

.rel.dyn        0x080000b4        0x0
 .rel.iplt      0x080000b4        0x0 startup.o

.bss            0x20000000        0x0
 *(.bss*)
 .bss           0x20000000        0x0 startup.o
 .bss           0x20000000        0x0 main.o

.data           0x080000b4        0xc
 *(.data*)
 .data          0x080000b4        0x0 startup.o
 .data          0x080000b4        0xc main.o
                0x080000b4                PTR_APB2ENR
                0x080000b8                PTR_GPIO_ODR
                0x080000bc                PTR_GPIO_CRH
LOAD startup.o
LOAD main.o
OUTPUT(learn-in-depth.elf elf32-littlearm)
LOAD linker stubs

.igot.plt       0x080000c0        0x0
 .igot.plt      0x080000c0        0x0 startup.o

.debug_info     0x00000000      0x493
 .debug_info    0x00000000       0xe4 startup.o
 .debug_info    0x000000e4      0x3af main.o

.debug_abbrev   0x00000000      0x15a
 .debug_abbrev  0x00000000       0x8d startup.o
 .debug_abbrev  0x0000008d       0xcd main.o

.debug_loc      0x00000000       0x90
 .debug_loc     0x00000000       0x58 startup.o
 .debug_loc     0x00000058       0x38 main.o

.debug_aranges  0x00000000       0x40
 .debug_aranges
                0x00000000       0x20 startup.o
 .debug_aranges
                0x00000020       0x20 main.o

.debug_line     0x00000000      0x168
 .debug_line    0x00000000       0xe1 startup.o
 .debug_line    0x000000e1       0x87 main.o

.debug_str      0x00000000      0x291
 .debug_str     0x00000000      0x291 startup.o
                                0x1b0 (size before relaxing)
 .debug_str     0x00000291      0x28b main.o

.comment        0x00000000       0x45
 .comment       0x00000000       0x45 startup.o
                                 0x46 (size before relaxing)
 .comment       0x00000045       0x46 main.o

.ARM.attributes
                0x00000000       0x2d
 .ARM.attributes
                0x00000000       0x2d startup.o
 .ARM.attributes
                0x0000002d       0x2d main.o

.debug_frame    0x00000000       0x74
 .debug_frame   0x00000000       0x48 startup.o
 .debug_frame   0x00000048       0x2c main.o
