
There are no discarded input sections

Memory Configuration

Name             Origin             Length             Attributes
flash            0x08000000         0x00020000         xr
sram             0x20000000         0x00005000         xrw
*default*        0x00000000         0xffffffff

Linker script and memory map


.text           0x08000000       0xd8
 *(.vectors*)
 .vectors       0x08000000       0x50 startup.o
 *(.text*)
 .text          0x08000050       0x80 main.o
                0x08000050                main
 .text          0x080000d0        0x8 startup.o

.glue_7         0x080000d8        0x0
 .glue_7        0x080000d8        0x0 linker stubs

.glue_7t        0x080000d8        0x0
 .glue_7t       0x080000d8        0x0 linker stubs

.vfp11_veneer   0x080000d8        0x0
 .vfp11_veneer  0x080000d8        0x0 linker stubs

.v4_bx          0x080000d8        0x0
 .v4_bx         0x080000d8        0x0 linker stubs

.iplt           0x080000d8        0x0
 .iplt          0x080000d8        0x0 main.o

.rel.dyn        0x080000d8        0x0
 .rel.iplt      0x080000d8        0x0 main.o

.bss            0x20000000        0x0
 *(.bss*)
 .bss           0x20000000        0x0 main.o
 .bss           0x20000000        0x0 startup.o

.data           0x080000d8        0xc
 *(.data*)
 .data          0x080000d8        0xc main.o
                0x080000d8                PTR_APB2ENR
                0x080000dc                PTR_GPIO_ODR
                0x080000e0                PTR_GPIO_CRH
 .data          0x080000e4        0x0 startup.o
LOAD main.o
LOAD startup.o
OUTPUT(learn-in-depth.elf elf32-littlearm)
LOAD linker stubs

.igot.plt       0x080000e4        0x0
 .igot.plt      0x080000e4        0x0 main.o

.debug_info     0x00000000      0x3d5
 .debug_info    0x00000000      0x3af main.o
 .debug_info    0x000003af       0x26 startup.o

.debug_abbrev   0x00000000       0xe1
 .debug_abbrev  0x00000000       0xcd main.o
 .debug_abbrev  0x000000cd       0x14 startup.o

.debug_loc      0x00000000       0x38
 .debug_loc     0x00000000       0x38 main.o

.debug_aranges  0x00000000       0x40
 .debug_aranges
                0x00000000       0x20 main.o
 .debug_aranges
                0x00000020       0x20 startup.o

.debug_line     0x00000000       0xbf
 .debug_line    0x00000000       0x87 main.o
 .debug_line    0x00000087       0x38 startup.o

.debug_str      0x00000000      0x259
 .debug_str     0x00000000      0x259 main.o
                                0x275 (size before relaxing)
 .debug_str     0x00000259       0x8c startup.o

.comment        0x00000000       0x45
 .comment       0x00000000       0x45 main.o
                                 0x46 (size before relaxing)

.ARM.attributes
                0x00000000       0x2b
 .ARM.attributes
                0x00000000       0x2d main.o
 .ARM.attributes
                0x0000002d       0x21 startup.o

.debug_frame    0x00000000       0x2c
 .debug_frame   0x00000000       0x2c main.o
