
There are no discarded input sections

Memory Configuration

Name             Origin             Length             Attributes
flash            0x00000000         0x00020000         xr
sram             0x20000000         0x00005000         xrw
*default*        0x00000000         0xffffffff

Linker script and memory map


.text           0x00000000      0x12c
 *(.vectors*)
 .vectors       0x00000000       0x10 startup.o
                0x00000000                g_p_fn_Vectors
 *(.text*)
 .text          0x00000010       0x90 startup.o
                0x00000010                H_fault_Handler
                0x00000010                Default_Handler
                0x00000010                NMI_Handler
                0x0000001c                Reset_Handler
 .text          0x000000a0       0x8c main.o
                0x000000a0                main
 *(.rodata*)
                0x0000012c                        _E_text = .

.glue_7         0x0000012c        0x0
 .glue_7        0x0000012c        0x0 linker stubs

.glue_7t        0x0000012c        0x0
 .glue_7t       0x0000012c        0x0 linker stubs

.vfp11_veneer   0x0000012c        0x0
 .vfp11_veneer  0x0000012c        0x0 linker stubs

.v4_bx          0x0000012c        0x0
 .v4_bx         0x0000012c        0x0 linker stubs

.iplt           0x0000012c        0x0
 .iplt          0x0000012c        0x0 startup.o

.rel.dyn        0x0000012c        0x0
 .rel.iplt      0x0000012c        0x0 startup.o

.data           0x20000000        0x4 load address 0x0000012c
                0x20000000                        _S_DATA = .
 *(.data*)
 .data          0x20000000        0x0 startup.o
 .data          0x20000000        0x4 main.o
                0x20000000                global_initialized_data
                0x20000004                        . = ALIGN (0x4)
                0x20000004                        _E_DATA = .

.igot.plt       0x20000004        0x0 load address 0x00000130
 .igot.plt      0x20000004        0x0 startup.o

.bss            0x20000008      0x408 load address 0x00000130
                0x20000008                        _S_bss = .
 *(.bss*)
 .bss           0x20000008      0x400 startup.o
 .bss           0x20000408        0x8 main.o
                0x20000408                global_uninitialized_bss
                0x20000410                        . = ALIGN (0x4)
                0x20000410                        _E_bss = .
LOAD startup.o
LOAD main.o
OUTPUT(unit3_lab4_cortexM4.elf elf32-littlearm)
LOAD linker stubs

.debug_info     0x00000000      0x254
 .debug_info    0x00000000      0x1bf startup.o
 .debug_info    0x000001bf       0x95 main.o

.debug_abbrev   0x00000000      0x16d
 .debug_abbrev  0x00000000       0xfa startup.o
 .debug_abbrev  0x000000fa       0x73 main.o

.debug_loc      0x00000000       0xb4
 .debug_loc     0x00000000       0x7c startup.o
 .debug_loc     0x0000007c       0x38 main.o

.debug_aranges  0x00000000       0x40
 .debug_aranges
                0x00000000       0x20 startup.o
 .debug_aranges
                0x00000020       0x20 main.o

.debug_line     0x00000000      0x12a
 .debug_line    0x00000000       0x95 startup.o
 .debug_line    0x00000095       0x95 main.o

.debug_str      0x00000000      0x1e1
 .debug_str     0x00000000      0x1e1 startup.o
                                0x1ca (size before relaxing)
 .debug_str     0x000001e1      0x11d main.o

.comment        0x00000000       0x45
 .comment       0x00000000       0x45 startup.o
                                 0x46 (size before relaxing)
 .comment       0x00000045       0x46 main.o

.ARM.attributes
                0x00000000       0x2e
 .ARM.attributes
                0x00000000       0x2e startup.o
 .ARM.attributes
                0x0000002e       0x2e main.o

.debug_frame    0x00000000       0x7c
 .debug_frame   0x00000000       0x50 startup.o
 .debug_frame   0x00000050       0x2c main.o
